// Jest Snapshot v1, https://goo.gl/fbAQLP

exports[`NonfungiblePositionManager #burn gas 1`] = `66057`;

exports[`NonfungiblePositionManager #collect gas transfers both 1`] = `119014`;

exports[`NonfungiblePositionManager #collect gas transfers token0 only 1`] = `111941`;

exports[`NonfungiblePositionManager #collect gas transfers token1 only 1`] = `112148`;

exports[`NonfungiblePositionManager #createAndInitializePoolIfNecessary gas 1`] = `4544326`;

exports[`NonfungiblePositionManager #decreaseLiquidity gas complete decrease 1`] = `148759`;

exports[`NonfungiblePositionManager #decreaseLiquidity gas partial decrease 1`] = `161482`;

exports[`NonfungiblePositionManager #increaseLiquidity gas 1`] = `176734`;

exports[`NonfungiblePositionManager #mint gas first mint for pool 1`] = `619609`;

exports[`NonfungiblePositionManager #mint gas first mint for pool using ip with non-zero refund 1`] = `653363`;

exports[`NonfungiblePositionManager #mint gas first mint for pool using ip with zero refund 1`] = `646138`;

exports[`NonfungiblePositionManager #mint gas mint for same pool, different ticks 1`] = `452065`;

exports[`NonfungiblePositionManager #mint gas mint on same ticks 1`] = `344884`;

exports[`NonfungiblePositionManager #permit owned by eoa gas 1`] = `64506`;

exports[`NonfungiblePositionManager #permit owned by verifying contract gas 1`] = `68303`;

exports[`NonfungiblePositionManager #positions gas 1`] = `19913`;

exports[`NonfungiblePositionManager #transferFrom gas 1`] = `109691`;

exports[`NonfungiblePositionManager #transferFrom gas comes from approved 1`] = `108291`;

exports[`NonfungiblePositionManager bytecode size 1`] = `24450`;

exports[`NonfungiblePositionManager multicall exit gas 1`] = `228827`;
