// Jest Snapshot v1, https://goo.gl/fbAQLP

exports[`PoolAddress #computeAddress gas cost 1`] = `642`;

exports[`PoolAddress #computeAddress matches example from core repo 1`] = `"0x5B6b579C1006997c6A47d79e1dCC098C44D3140A"`;
