// Jest Snapshot v1, https://goo.gl/fbAQLP

exports[`PositionValue #fees when price is above the position range gas 1`] = `47693`;

exports[`PositionValue #fees when price is below the position range gas 1`] = `47661`;

exports[`PositionValue #fees when price is within the position range gas 1`] = `53251`;

exports[`PositionValue #principal gas 1`] = `23024`;

exports[`PositionValue #total gas 1`] = `59835`;
